---
source: src/components/process/mod.rs
expression: terminal.backend()
---
"┌ [P]rocesses ─────────────────────────────────────────────────────────────────────────────────────┐"
"│PID     User    Name                                                   CPU%▼   MEM      Status    │"
"│12345   ray     firefox                                                18.4    3.2%     running   │"
"│                                                                                                  │"
"│                                                                                                  │"
"│                                                                                                  │"
"│                                                                                                  │"
"│                                                                                                  │"
"│                                                                                                  │"
"│                                                                                                  │"
"│                                                                                                  │"
"│                                                                                                  │"
"│                                                                                                  │"
"│                                                                                                  │"
"│                                                                                                  │"
"│                                                                                                  │"
"│                                                                                                  │"
"│                                                                                                  │"
"│                                                                                                  │"
"└──────────────────────────────────────────────────────────────────────────────────────────────────┘"
