---
source: src/components/process/mod.rs
assertion_line: 386
expression: terminal.backend()
---
"┌ Processes ───────────────────────────────────────────────────────────────────────────────────────┐"
"│PID     Name                                                           CPU%▼   MEM      Status    │"
"│12345   firefox                                                        18.4    3.2%     running   │"
"│                                                                                                  │"
"│                                                                                                  │"
"│                                                                                                  │"
"│                                                                                                  │"
"│                                                                                                  │"
"│                                                                                                  │"
"│                                                                                                  │"
"│                                                                                                  │"
"│                                                                                                  │"
"│                                                                                                  │"
"│                                                                                                  │"
"│                                                                                                  │"
"│                                                                                                  │"
"│                                                                                                  │"
"│                                                                                                  │"
"│                                                                                                  │"
"└──────────────────────────────────────────────────────────────────────────────────────────────────┘"
