---
source: src/components/cpu.rs
expression: terminal.backend()
---
"┌ [C]PU ───────────────────────────────────────────────────────────────────────┐"
"│CPU: 35.0%  Brand: Intel(R) Core(TM) i7-9750H CPU @ 2.60GHz  Cores: 4/4 phys  │"
"│Freq: 3400 MHz  Temp: 62°C  Governor: powersave                               │"
"│──────────────────────────────────────────────────────────────────────────────│"
"│                                                                  │cpu0  42.0%│"
"│                                                                  │cpu1  18.0%│"
"│                                                                  │cpu2  75.0%│"
"│                                                                 ⡀│cpu3   5.0%│"
"│                                                                  │           │"
"│                                                                  │           │"
"│                                                                  │           │"
"│                                                                  │           │"
"│                                                                 ⠄│           │"
"│                                                                  │           │"
"│                                                                  │           │"
"│                                                                  │           │"
"│                                                                 ⠁│           │"
"│                                                                  │           │"
"│                                                                 ⠁│           │"
"└──────────────────────────────────────────────────────────────────────────────┘"
