---
source: src/components/cpu.rs
expression: terminal.backend()
---
"┌ [C]PU ───────────────────────────────────────────────────┐"
"│                                              │cpu0  42.0%│"
"│                                              │cpu1  18.0%│"
"│                                             ⠁│cpu2  75.0%│"
"│                                              │cpu3   5.0%│"
"│                                             ⠄│           │"
"│                                              │           │"
"│                                             ⠂│           │"
"│                                             ⠂│           │"
"└──────────────────────────────────────────────────────────┘"
