---
source: src/components/net.rs
expression: terminal.backend()
---
"┌ [N]ET ───────────────────────────────────────────────────┐"
"│                      ⠈⠉⠉⠉⠉⠉⠉⠉⠉⠉⠉⠉⠉⠉⠉⠉⠉⠉⠉⠉⠉⠉⠁│TX  1.2 MB/s│"
"│                                             │RX  4.8 MB/s│"
"│                      ⢀⣀⣀⣀⣀⣀⣀⣀⣀⣀⣀⣀⣀⣀⣀⣀⣀⣀⣀⣀⣀⣀⡀│            │"
"│                                             │            │"
"│──────────────────────────────────────────────────────────│"
"│Iface                                 TX (B/s)    RX (B/s)│"
"│eth0                                    1.2 MB      4.8 MB│"
"│                                                          │"
"│                                                          │"
"│                                                          │"
"│                                                          │"
"│                                                          │"
"└──────────────────────────────────────────────────────────┘"
