---
source: src/components/mem.rs
expression: terminal.backend()
---
"┌ MEM ─────────────────────────────────────────────────────┐"
"│                                                          │"
"│                                                          │"
"│                                                          │"
"│                                                          │"
"└──────────────────────────────────────────────────────────┘"
