---
source: src/components/net.rs
expression: terminal.backend()
---
"┌ [N]ET ───────────────────────────────────────────────────┐"
"│4.8 MB/s│                        ⠈⠉⠉⠉⠉⠉⠉⠉⠉⠉⠉⠉⠉⠉⠉⠉⠉⠉⠉⠉⠉⠉⠉⠉⠁│"
"│        │                                                 │"
"│        │                        ⢀⣀⣀⣀⣀⣀⣀⣀⣀⣀⣀⣀⣀⣀⣀⣀⣀⣀⣀⣀⣀⣀⣀⣀⡀│"
"│0       │                                                 │"
"│──────────────────────────────────────────────────────────│"
"│Iface                                 TX (B/s)    RX (B/s)│"
"│eth0                                    1.2 MB      4.8 MB│"
"│                                                          │"
"│                                                          │"
"│                                                          │"
"│                                                          │"
"│                                                          │"
"└──────────────────────────────────────────────────────────┘"
