---
source: src/components/chart.rs
expression: terminal.backend()
---
"                                     ⢀⠆│3000      "
"                                    ⢀⠎ │          "
"                                   ⢠⠃  │          "
"                                  ⢰⠁   │          "
"                                 ⡔⠁    │          "
"                               ⢀⠜   ⣀⠔⠁│1500      "
"                              ⢀⠎  ⣠⠒⠁  │          "
"                             ⢠⠊⢀⡰⠊     │          "
"                            ⡠⢠⠔⠃       │          "
"                           ⡠⠊⠁         │0         "
