---
source: src/components/disk.rs
expression: terminal.backend()
---
"┌ [I]DISK ───────────────────────────────────────────────────────────┐"
"│Device Mount                            Size      Free  %Used  %Free│"
"│sda    /                            500.1 GB  275.1 GB  45.0%  55.0%│"
"│                                                                    │"
"│                                                                    │"
"│                                                                    │"
"│                                                                    │"
"└────────────────────────────────────────────────────────────────────┘"
