---
source: src/components/disk.rs
expression: terminal.backend()
---
"┌ [I]DISK: sda ──────────────────────────────────────────────────────────────────────────┐"
"│Mount:       /             Type:        SSD                                             │"
"│FS:          ext4          RO:          no            Removable:   no                   │"
"│Total:       500.1 GB      Free:        275.1 GB      Used:        45.0%                │"
"│Read total:  1.1 GB        Write total: 536.9 MB                                        │"
"│────────────────────────────────────────────────────────────────────────────────────────│"
"│102.4 KB/s│⠉⠉⠉⠉⠉⠉⠉⠉⠉⠉⠉⠉⠉⠉⠉⠉⠉⠉⠉⠉⠉⠉⠉⠉⠉⠉⠉⠉⠉⠉⠉⠉⠉⠉⠉⠉⠉⠉                                       │"
"│          │                                                                             │"
"│          │                                                                             │"
"│          │                                                                             │"
"│          │                                                                             │"
"│          │                                                                             │"
"│51.2 KB/s │                                                                             │"
"│          │                                                                             │"
"│          │                                                                             │"
"│          │                                                                             │"
"│          │                                                                             │"
"│0         │⣀⣀⣀⣀⣀⣀⣀⣀⣀⣀⣀⣀⣀⣀⣀⣀⣀⣀⣀⣀⣀⣀⣀⣀⣀⣀⣀⣀⣀⣀⣀⣀⣀⣀⣀⣀⣀⣀                                       │"
"│Read: 0 B/s  Write: 102.4 KB/s   Esc/q: back                                            │"
"└────────────────────────────────────────────────────────────────────────────────────────┘"
