---
source: src/components/help.rs
expression: terminal.backend()
---
"                                                                    "
"                                                                    "
"                                                                    "
"   ┌ dreidel v0.1.0 ────────────────────────────────────────────┐   "
"   │Global                                                      │   "
"   │ ?     help / close                                         │   "
"   │ p     focus process                                        │   "
"   │ c     focus cpu                                            │   "
"   │ n     focus net                                            │   "
"   │ d     focus disk                                           │   "
"   │ f     fullscreen                                           │   "
"   │ q     quit                                                 │   "
"   │ Tab   cycle focus                                          │   "
"   │                                                            │   "
"   │────────────────────────────────────────────────────────────│   "
"   │CPU                           Disk                          │   "
"   │ /     filter                  Ent   open detail            │   "
"   │ ↑↓    navigate                /     filter                 │   "
"   │ PgUD  page                    ↑↓    navigate               │   "
"   │                               PgUD  page                   │   "
"   │                                                            │   "
"   │Process                       Net                           │   "
"   │ Ent   open detail             Ent   open detail            │   "
"   │ /     filter                  /     filter                 │   "
"   │ ↑↓    navigate                ↑↓    navigate               │   "
"   │ PgUD  page                    PgUD  page                   │   "
"   │ s     cycle sort                                           │   "
"   │ S     reverse sort                                         │   "
"   │ k     kill                                                 │   "
"   │────────────────────────────────────────────────────────────│   "
"   │   config: [CONFIG_PATH]                    │   "
"   │      log: [LOG_PATH]               │   "
"   │────────────────────────────────────────────────────────────│   "
"   │     Repo: https://github.com/raysuliteanu/dreidel          │   "
"   │Commit id: [COMMIT_ID]                                          │   "
"   └────────────────────────────────────────────────────────────┘   "
"                                                                    "
"                                                                    "
