---
source: src/components/help.rs
expression: terminal.backend()
---
"                                                            "
"       ┌ dreidel v0.1.0 ────────────────────────────┐       "
"       │Global keys                                 │       "
"       │ p    focus process                         │       "
"       │ c    focus cpu                             │       "
"       │ n    focus net                             │       "
"       │ d    focus disk                            │       "
"       │ f    fullscreen toggle                     │       "
"       │ q    quit                                  │       "
"       │ Tab  cycle focus                           │       "
"       │                                            │       "
"       │Process keys                                │       "
"       │ Ent  open detail                           │       "
"       │ /    filter                                │       "
"       │ s    cycle sort column                     │       "
"       │ k    kill process                          │       "
"       │                                            │       "
"       │Net keys                                    │       "
"       │ Ent  open detail (fullscreen)              │       "
"       │                                            │       "
"       │Disk keys                                   │       "
"       │ Ent  open detail (fullscreen)              │       "
"       │                                            │       "
"       │https://github.com/raysuliteanu/toppers     │       "
"       │change: [CHANGE_ID]                            │       "
"       │config  [CONFIG_PATH]       │       "
"       │log     [LOG_PATH]  │       "
"       │Press ?, h, q or Esc to close               │       "
"       │                                            │       "
"       │                                            │       "
"       └────────────────────────────────────────────┘       "
"                                                            "
