---
source: src/components/chart.rs
expression: terminal.backend()
---
"                             │cpu0  50.0"
"                             │          "
"                             │          "
"                             │          "
"                       ⠉⠉⠉⠉⠉⠁│          "
"                             │          "
"                             │          "
"                             │          "
