---
source: src/components/disk.rs
expression: terminal.backend()
---
"┌ DISK ──────────────────────────────────────────────────────────────┐"
"│sda          r:       0 B/s  w:  102.4 KB/s   45.0%                 │"
"│                                                                    │"
"│                                                                    │"
"│                                                                    │"
"│                                                                    │"
"│                                                                    │"
"└────────────────────────────────────────────────────────────────────┘"
