---
source: src/components/net.rs
expression: terminal.backend()
---
"┌ NET ─────────────────────────────────────────────────────┐"
"│eth0         ▲     1.2 MB/s  ▼     4.8 MB/s               │"
"│                                                          │"
"│                                                          │"
"│                                                          │"
"│                                                          │"
"│                                                          │"
"└──────────────────────────────────────────────────────────┘"
