---
source: src/components/disk.rs
expression: terminal.backend()
---
"┌ [I]DISK ───────────────────────────────────────────────────────────┐"
"│Device                                 Read (B/s) Write (B/s)   Use%│"
"│sda                                           0 B    102.4 KB  45.0%│"
"│                                                                    │"
"│                                                                    │"
"│                                                                    │"
"│                                                                    │"
"└────────────────────────────────────────────────────────────────────┘"
