---
source: src/components/help.rs
expression: terminal.backend()
---
"                                                            "
"                                                            "
"                                                            "
"       ┌ toppers v0.1.0 ────────────────────────────┐       "
"       │Global keys                                 │       "
"       │ p    focus process                         │       "
"       │ c    focus cpu                             │       "
"       │ n    focus net                             │       "
"       │ i    focus disk                            │       "
"       │ f    fullscreen toggle                     │       "
"       │ d    debug sidebar toggle                  │       "
"       │ q    quit                                  │       "
"       │ Tab  cycle focus                           │       "
"       │                                            │       "
"       │Process keys                                │       "
"       │ /    filter                                │       "
"       │ s    cycle sort column                     │       "
"       │ k    kill process                          │       "
"       │                                            │       "
"       │https://github.com/raysuliteanu/toppers     │       "
"       │change: [CHANGE_ID]                            │       "
"       └────────────────────────────────────────────┘       "
"                                                            "
"                                                            "
