---
source: src/components/net.rs
expression: terminal.backend()
---
"┌ [N]ET ───────────────────────────────────────────────────┐"
"│Iface                  TX            RX                   │"
"│eth0             1.2 MB/s      4.8 MB/s                   │"
"│                                                          │"
"│                                                          │"
"│                                                          │"
"│                                                          │"
"└──────────────────────────────────────────────────────────┘"
