---
source: src/components/mem.rs
expression: terminal.backend()
---
"┌ MEM ─────────────────────────────────────────────────────┐"
"│█████████████████RAM  6.0 GiB / 16.0 GiB                  │"
"│                    SWAP 0 B / 4.0 GiB                    │"
"│                                                          │"
"│                                                          │"
"└──────────────────────────────────────────────────────────┘"
