---
source: src/components/net.rs
expression: terminal.backend()
---
"┌ [N]ET: eth0 ─────────────────────────────────────────────┐"
"│4.8 MB/s│⠉⠉⠉⠉⠉⠉⠉⠉⠉⠉⠉⠉⠉⠉⠉⠉⠉⠉⠉⠉⠉⠉⠉⠉⠁                    ┌──┐│"
"│        │                                             │TX││"
"│        │                                             │RX││"
"│        │                                             └──┘│"
"│        │                                                 │"
"│        │                                                 │"
"│        │                                                 │"
"│        │                                                 │"
"│2.4 MB/s│                                                 │"
"│        │                                                 │"
"│        │                                                 │"
"│        │                                                 │"
"│        │⠤⠤⠤⠤⠤⠤⠤⠤⠤⠤⠤⠤⠤⠤⠤⠤⠤⠤⠤⠤⠤⠤⠤⠤⠄                        │"
"│        │                                                 │"
"│        │                                                 │"
"│        │                                                 │"
"│0       │                                                 │"
"│TX: 1.2 MB/s   RX: 4.8 MB/s   Esc: back                   │"
"└──────────────────────────────────────────────────────────┘"
