---
source: src/components/disk.rs
expression: terminal.backend()
---
"┌ DISK ──────────────────────────────────────────────────────────────┐"
"│                                                                    │"
"│                                                                    │"
"│                                                                    │"
"│                                                                    │"
"│                                                                    │"
"│                                                                    │"
"└────────────────────────────────────────────────────────────────────┘"
